iwmap 4
"000_Global" flags  active
"The Map" flags 
// entity 0
{
"contrastGain" ".25"
"sunIsPrimaryLight" "1"
"sunlight" "0.85"
"sundirection" "-30 -42 0"
"sundiffusecolor" "0.5 0.5 0.7"
"suncolor" "0.5 0.6 1"
"radiosityscale" "2"
"diffusefraction" "0.15"
"ambient" ".1"
"_color" "0.46 0.64 0.61"
"classname" "worldspawn"
}
// entity 1
{
"origin" "0.0 0.0 0.0"
"model" "mp_tranzit_example/mp_tranzit_example.map"
"classname" "misc_prefab"
}
// entity 2
{
"origin" "-1216.0 -448.0 16.0"
"angles" "0 360 0"
"classname" "mp_tdm_spawn_axis_start"
}
// entity 3
{
"angles" "0 270 0"
"origin" "384.0 64.0 16.0"
"classname" "mp_dm_spawn"
}
// entity 4
{
"origin" "-1216.0 -320.0 16.0"
"angles" "0 360 0"
"classname" "mp_tdm_spawn_allies_start"
}
// entity 5
{
"origin" "-1216.0 -384.0 16.0"
"angles" "0 360 0"
"classname" "mp_tdm_spawn"
}
// entity 6
{
"angles" "0 270 0"
"origin" "448.0 0.0 16.0"
"classname" "mp_dm_spawn"
}
// entity 7
{
"angles" "0 270 0"
"origin" "-1040.0 1200.0 16.0"
"classname" "mp_dm_spawn"
}
// entity 8
{
"angles" "0 270 0"
"origin" "-720.0 816.0 16.0"
"classname" "mp_dm_spawn"
}
// entity 9
{
"angles" "0 270 0"
"origin" "-384.0 1088.0 16.0"
"classname" "mp_dm_spawn"
}
// entity 10
{
"angles" "0 270 0"
"origin" "544.0 736.0 16.0"
"classname" "mp_dm_spawn"
}
// entity 11
{
"angles" "0 270 0"
"origin" "-32.0 784.0 16.0"
"classname" "mp_dm_spawn"
}
// entity 12
{
"angles" "0 270 0"
"origin" "224.0 1040.0 16.0"
"classname" "mp_dm_spawn"
}
// entity 13
{
"angles" "0 270 0"
"origin" "768.0 1184.0 16.0"
"classname" "mp_dm_spawn"
}
// entity 14
{
"angles" "0 270 0"
"origin" "1200.0 976.0 16.0"
"classname" "mp_dm_spawn"
}
// entity 15
{
"angles" "0 270 0"
"origin" "800.0 336.0 16.0"
"classname" "mp_dm_spawn"
}
// entity 16
{
"angles" "0 270 0"
"origin" "1264.0 464.0 16.0"
"classname" "mp_dm_spawn"
}
// entity 17
{
"angles" "0 270 0"
"origin" "752.0 -288.0 16.0"
"classname" "mp_dm_spawn"
}
// entity 18
{
"angles" "0 270 0"
"origin" "1056.0 64.0 16.0"
"classname" "mp_dm_spawn"
}
// entity 19
{
"angles" "0 270 0"
"origin" "1216.0 -832.0 16.0"
"classname" "mp_dm_spawn"
}
// entity 20
{
"angles" "0 270 0"
"origin" "1216.0 -416.0 16.0"
"classname" "mp_dm_spawn"
}
// entity 21
{
"angles" "0 270 0"
"origin" "816.0 -624.0 16.0"
"classname" "mp_dm_spawn"
}
// entity 22
{
"angles" "0 270 0"
"origin" "224.0 -432.0 16.0"
"classname" "mp_dm_spawn"
}
// entity 23
{
"angles" "0 270 0"
"origin" "32.0 -736.0 16.0"
"classname" "mp_dm_spawn"
}
// entity 24
{
"angles" "0 270 0"
"origin" "-416.0 -320.0 16.0"
"classname" "mp_dm_spawn"
}
// entity 25
{
"angles" "0 270 0"
"origin" "-336.0 -704.0 16.0"
"classname" "mp_dm_spawn"
}
// entity 26
{
"angles" "0 270 0"
"origin" "-912.0 -688.0 16.0"
"classname" "mp_dm_spawn"
}
// entity 27
{
"angles" "0 270 0"
"origin" "-1040.0 480.0 16.0"
"classname" "mp_dm_spawn"
}
// entity 28
{
"angles" "0 270 0"
"origin" "-736.0 256.0 16.0"
"classname" "mp_dm_spawn"
}
