iwmap 4
"000_Global" flags  active
"The Map" flags 
// entity 0
{
"sunRadiosity" "1.7"
"radiosityScale" "1.8"
"contrastGain" "0.425"
"diffusefraction" "0.5"
"_color" ".8 .9 1"
"sunlight" "1.30"
"sundirection" "-43.5 25.11 0"
"sundiffusecolor" ".9 0.88 .75"
"suncolor" "1 0.92 0.88"
"ambient" ".15"
"bouncefraction" ".7"
"classname" "worldspawn"
}
// entity 1
{
"angles" "0 0 0"
"classname" "script_origin"
"origin" "1889.0 6729.0 57.8"
"script_wait" "0"
"targetname" "auto2"
"target" "auto3"
}
// entity 2
{
"angles" "0 0 0"
"classname" "script_origin"
"origin" "1010.0 6198.0 -20.8"
"script_wait" "0"
"targetname" "auto4"
"target" "auto5"
}
// entity 3
{
"angles" "0 0 0"
"classname" "script_origin"
"origin" "828.0 6016.0 -31.2"
"script_wait" "0"
"targetname" "auto5"
"target" "auto6"
}
// entity 4
{
"angles" "0 0 0"
"classname" "script_origin"
"origin" "724.0 5824.0 -31.1"
"script_wait" "0"
"targetname" "auto6"
"target" "auto7"
}
// entity 5
{
"angles" "0 0 0"
"classname" "script_origin"
"origin" "598.0 5295.0 -34.4"
"script_wait" "0"
"targetname" "auto7"
"target" "auto8"
}
// entity 6
{
"angles" "0 0 0"
"classname" "script_origin"
"origin" "542.0 4995.0 -39.1"
"script_wait" "0"
"targetname" "auto8"
"target" "auto9"
}
// entity 7
{
"classname" "script_origin"
"origin" "500.0 4704.0 -55.2"
"script_wait" "0"
"angles" "0 0 0"
"targetname" "auto9"
"target" "auto10"
}
// entity 8
{
"classname" "script_origin"
"origin" "560.0 4576.0 -57.4"
"script_wait" "0"
"angles" "0 0 0"
"targetname" "auto10"
"target" "auto11"
}
// entity 9
{
"classname" "script_origin"
"origin" "644.0 4496.0 -53.3"
"script_wait" "0"
"angles" "0 0 0"
"targetname" "auto11"
"target" "auto12"
}
// entity 10
{
"script_wait" "0"
"origin" "828.0 4464.0 -58.1"
"classname" "script_origin"
"angles" "0 0 0"
"targetname" "auto12"
"target" "auto13"
}
// entity 11
{
"classname" "script_origin"
"origin" "1303.0 4502.0 -83.3"
"script_wait" "0"
"angles" "0 0 0"
"targetname" "auto13"
"target" "auto14"
}
// entity 12
{
"angles" "0 0 0"
"classname" "script_origin"
"origin" "1655.0 4555.0 -103.2"
"script_wait" "0"
"targetname" "auto14"
"target" "auto15"
}
// entity 13
{
"angles" "0 0 0"
"classname" "script_origin"
"origin" "2516.0 4672.0 -53.8"
"script_wait" "0"
"targetname" "auto15"
"target" "auto16"
}
// entity 14
{
"angles" "0 0 0"
"classname" "script_origin"
"origin" "3604.0 4672.0 -41.0"
"script_wait" "0"
"targetname" "auto16"
"target" "auto17"
}
// entity 15
{
"classname" "script_origin"
"origin" "3812.0 4688.0 -38.1"
"script_wait" "0"
"angles" "0 0 0"
"targetname" "auto17"
"target" "auto18"
}
// entity 16
{
"classname" "script_origin"
"origin" "4068.0 4752.0 -49.0"
"script_wait" "0"
"angles" "0 0 0"
"targetname" "auto18"
"target" "auto19"
}
// entity 17
{
"angles" "0 0 0"
"classname" "script_origin"
"origin" "4308.0 4864.0 -57.8"
"script_wait" "0"
"targetname" "auto19"
"target" "auto20"
}
// entity 18
{
"angles" "0 0 0"
"classname" "script_origin"
"origin" "4820.0 5184.0 -76.4"
"script_wait" "0"
"targetname" "auto20"
"target" "auto21"
}
// entity 19
{
"angles" "0 0 0"
"classname" "script_origin"
"origin" "5060.0 5296.0 -71.3"
"script_wait" "0"
"targetname" "auto21"
"target" "auto22"
}
// entity 20
{
"script_wait" "0"
"origin" "5340.0 5352.0 -52.8"
"classname" "script_origin"
"angles" "0 0 0"
"targetname" "auto22"
"target" "auto23"
}
// entity 21
{
"script_wait" "0"
"origin" "5628.0 5336.0 -65.0"
"classname" "script_origin"
"angles" "0 0 0"
"targetname" "auto23"
"target" "auto24"
}
// entity 22
{
"script_wait" "0"
"origin" "6220.0 5128.0 -74.3"
"classname" "script_origin"
"angles" "0 0 0"
"targetname" "auto24"
"target" "auto25"
}
// entity 23
{
"script_wait" "0"
"origin" "6876.0 4600.0 -75.6"
"classname" "script_origin"
"angles" "0 0 0"
"targetname" "auto25"
"target" "auto26"
}
// entity 24
{
"script_wait" "0"
"origin" "7452.0 4008.0 -74.3"
"classname" "script_origin"
"angles" "0 0 0"
"targetname" "auto26"
"target" "auto27"
}
// entity 25
{
"script_wait" "0"
"origin" "8169.0 2682.0 -81.1"
"classname" "script_origin"
"angles" "0 0 0"
"targetname" "auto28"
"target" "auto29"
}
// entity 26
{
"script_wait" "0"
"origin" "8301.0 1930.0 -125.1"
"classname" "script_origin"
"angles" "0 0 0"
"targetname" "auto29"
"target" "auto30"
}
// entity 27
{
"script_wait" "0"
"origin" "8430.0 1527.0 -136.9"
"classname" "script_origin"
"angles" "0 0 0"
"targetname" "auto30"
"target" "auto31"
}
// entity 28
{
"script_wait" "0"
"origin" "8437.0 1352.0 -141.9"
"classname" "script_origin"
"angles" "0 0 0"
"targetname" "auto31"
"target" "auto32"
}
// entity 29
{
"script_wait" "0"
"origin" "8396.0 1184.0 -142.1"
"classname" "script_origin"
"angles" "0 0 0"
"targetname" "auto32"
"target" "auto33"
}
// entity 30
{
"angles" "0 0 0"
"classname" "script_origin"
"origin" "7893.0 388.0 -131.5"
"script_wait" "0"
"targetname" "auto36"
"target" "auto37"
}
// entity 31
{
"angles" "0 0 0"
"classname" "script_origin"
"origin" "7868.0 216.0 -150.9"
"script_wait" "0"
"targetname" "auto37"
"target" "auto38"
}
// entity 32
{
"angles" "0 0 0"
"classname" "script_origin"
"origin" "7859.0 -532.0 -150.2"
"script_wait" "0"
"targetname" "auto38"
"target" "auto39"
}
// entity 33
{
"angles" "0 0 0"
"classname" "script_origin"
"origin" "7725.0 -1015.0 -170.4"
"script_wait" "0"
"targetname" "auto39"
"target" "auto40"
}
// entity 34
{
"angles" "0 0 0"
"classname" "script_origin"
"origin" "7606.0 -1316.0 -181.0"
"script_wait" "0"
"targetname" "auto40"
"target" "auto41"
}
// entity 35
{
"angles" "0 0 0"
"classname" "script_origin"
"origin" "7420.0 -1576.0 -208.8"
"script_wait" "0"
"targetname" "auto41"
"target" "auto42"
}
// entity 36
{
"angles" "0 0 0"
"classname" "script_origin"
"origin" "7212.0 -1720.0 -224.6"
"script_wait" "0"
"targetname" "auto42"
"target" "auto43"
}
// entity 37
{
"angles" "0 0 0"
"classname" "script_origin"
"origin" "6988.0 -1831.0 -233.4"
"script_wait" "0"
"targetname" "auto43"
"target" "auto44"
}
// entity 38
{
"angles" "0 0 0"
"classname" "script_origin"
"origin" "6834.0 -1972.0 -229.5"
"script_wait" "0"
"targetname" "auto44"
"target" "auto45"
}
// entity 39
{
"angles" "0 0 0"
"classname" "script_origin"
"origin" "6753.0 -2186.0 -246.0"
"script_wait" "0"
"targetname" "auto45"
"target" "auto47"
}
// entity 40
{
"target" "auto48"
"targetname" "auto47"
"script_wait" "120"
"origin" "6724.0 -2336.0 -242.0"
"classname" "script_origin"
"angles" "0 0 0"
}
// entity 41
{
"angles" "0 0 0"
"classname" "script_origin"
"origin" "6732.0 -2488.0 -244.0"
"script_wait" "0"
"targetname" "auto48"
"target" "auto49"
}
// entity 42
{
"angles" "0 0 0"
"classname" "script_origin"
"origin" "6748.0 -2840.0 -255.9"
"script_wait" "0"
"targetname" "auto50"
"target" "auto51"
}
// entity 43
{
"angles" "0 0 0"
"classname" "script_origin"
"origin" "6724.0 -2952.0 -263.8"
"script_wait" "0"
"targetname" "auto51"
"target" "auto52"
}
// entity 44
{
"target" "auto53"
"angles" "0 0 0"
"classname" "script_origin"
"origin" "6677.0 -3031.0 -268.5"
"script_wait" "0"
"targetname" "auto52"
}
// entity 45
{
"targetname" "auto53"
"script_wait" "0"
"origin" "6555.0 -3117.0 -276.1"
"classname" "script_origin"
"angles" "0 0 0"
"target" "auto54"
}
// entity 46
{
"angles" "0 0 0"
"classname" "script_origin"
"origin" "6428.0 -3160.0 -278.1"
"script_wait" "0"
"targetname" "auto54"
"target" "auto55"
}
// entity 47
{
"angles" "0 0 0"
"classname" "script_origin"
"origin" "4898.0 -3617.0 -289.1"
"script_wait" "0"
"targetname" "auto55"
"target" "auto56"
}
// entity 48
{
"target" "auto57"
"targetname" "auto56"
"script_wait" "0"
"origin" "4210.0 -3617.0 -289.7"
"classname" "script_origin"
"angles" "0 0 0"
}
// entity 49
{
"angles" "0 0 0"
"classname" "script_origin"
"origin" "2228.0 -3424.0 -322.0"
"script_wait" "0"
"targetname" "auto57"
"target" "auto58"
}
// entity 50
{
"script_wait" "0"
"origin" "1889.0 -3422.0 -322.4"
"classname" "script_origin"
"angles" "0 0 0"
"targetname" "auto58"
"target" "auto59"
}
// entity 51
{
"script_wait" "0"
"origin" "1692.0 -3488.0 -324.8"
"classname" "script_origin"
"angles" "0 0 0"
"targetname" "auto59"
"target" "auto60"
}
// entity 52
{
"script_wait" "0"
"origin" "1465.0 -3642.0 -319.7"
"classname" "script_origin"
"angles" "0 0 0"
"targetname" "auto60"
"target" "auto61"
}
// entity 53
{
"script_wait" "0"
"origin" "1242.0 -3736.0 -331.1"
"classname" "script_origin"
"angles" "0 0 0"
"targetname" "auto61"
"target" "auto62"
}
// entity 54
{
"targetname" "auto62"
"script_wait" "0"
"origin" "1006.0 -3869.0 -324.0"
"classname" "script_origin"
"angles" "0 0 0"
"target" "auto63"
}
// entity 55
{
"targetname" "auto63"
"script_wait" "0"
"origin" "734.0 -3927.0 -353.4"
"classname" "script_origin"
"angles" "0 0 0"
"target" "auto64"
}
// entity 56
{
"targetname" "auto64"
"script_wait" "0"
"origin" "516.0 -3960.0 -363.2"
"classname" "script_origin"
"angles" "0 0 0"
"target" "auto65"
}
// entity 57
{
"targetname" "auto65"
"script_wait" "0"
"origin" "342.0 -3914.0 -369.1"
"classname" "script_origin"
"angles" "0 0 0"
"target" "auto66"
}
// entity 58
{
"targetname" "auto66"
"script_wait" "120"
"origin" "206.0 -3789.0 -366.6"
"classname" "script_origin"
"angles" "0 0 0"
"target" "auto67"
}
// entity 59
{
"script_wait" "0"
"origin" "111.0 -3643.0 -365.9"
"classname" "script_origin"
"angles" "0 0 0"
"targetname" "auto67"
"target" "auto68"
}
// entity 60
{
"script_wait" "0"
"origin" "25.0 -3513.0 -349.8"
"classname" "script_origin"
"angles" "0 0 0"
"targetname" "auto68"
"target" "auto69"
}
// entity 61
{
"script_wait" "0"
"origin" "-17.0 -3319.0 -338.0"
"classname" "script_origin"
"angles" "0 0 0"
"targetname" "auto69"
"target" "auto70"
}
// entity 62
{
"script_wait" "0"
"origin" "2.0 -3156.0 -337.3"
"classname" "script_origin"
"angles" "0 0 0"
"targetname" "auto70"
"target" "auto71"
}
// entity 63
{
"script_wait" "0"
"origin" "143.0 -2873.0 -286.3"
"classname" "script_origin"
"angles" "0 0 0"
"targetname" "auto72"
"target" "auto73"
}
// entity 64
{
"script_wait" "0"
"origin" "320.0 -2619.0 -260.1"
"classname" "script_origin"
"angles" "0 0 0"
"targetname" "auto73"
"target" "auto74"
}
// entity 65
{
"script_wait" "0"
"origin" "774.0 -2206.0 -218.7"
"classname" "script_origin"
"angles" "0 0 0"
"targetname" "auto74"
"target" "auto75"
}
// entity 66
{
"script_wait" "0"
"origin" "1128.0 -2039.0 -209.6"
"classname" "script_origin"
"angles" "0 0 0"
"targetname" "auto75"
"target" "auto76"
}
// entity 67
{
"script_wait" "0"
"origin" "1316.0 -1912.0 -246.9"
"classname" "script_origin"
"angles" "0 0 0"
"targetname" "auto76"
"target" "auto77"
}
// entity 68
{
"script_wait" "0"
"origin" "1424.0 -1725.0 -256.6"
"classname" "script_origin"
"angles" "0 0 0"
"targetname" "auto77"
"target" "auto78"
}
// entity 69
{
"script_wait" "0"
"origin" "1434.0 -1484.0 -213.6"
"classname" "script_origin"
"angles" "0 0 0"
"targetname" "auto78"
"target" "auto79"
}
// entity 70
{
"script_wait" "0"
"origin" "1400.0 -1245.0 -221.8"
"classname" "script_origin"
"angles" "0 0 0"
"targetname" "auto79"
"target" "auto80"
}
// entity 71
{
"script_wait" "0"
"origin" "1357.0 -1063.0 -193.7"
"classname" "script_origin"
"angles" "0 0 0"
"targetname" "auto80"
"target" "auto81"
}
// entity 72
{
"script_wait" "0"
"origin" "1261.0 -908.0 -230.3"
"classname" "script_origin"
"angles" "0 0 0"
"targetname" "auto81"
"target" "auto82"
}
// entity 73
{
"script_wait" "0"
"origin" "1196.0 -768.0 -282.4"
"classname" "script_origin"
"angles" "0 0 0"
"targetname" "auto82"
"target" "auto83"
}
// entity 74
{
"script_wait" "0"
"origin" "1132.0 -664.0 -317.5"
"classname" "script_origin"
"angles" "0 0 0"
"targetname" "auto83"
"target" "auto84"
}
// entity 75
{
"script_wait" "0"
"origin" "1012.0 -568.0 -331.3"
"classname" "script_origin"
"angles" "0 0 0"
"targetname" "auto84"
"target" "auto85"
}
// entity 76
{
"script_wait" "0"
"origin" "911.0 -443.0 -341.1"
"classname" "script_origin"
"angles" "0 0 0"
"targetname" "auto85"
"target" "auto86"
}
// entity 77
{
"script_wait" "0"
"origin" "866.0 -252.0 -330.8"
"classname" "script_origin"
"angles" "0 0 0"
"targetname" "auto86"
"target" "auto87"
}
// entity 78
{
"script_wait" "0"
"origin" "847.0 -168.0 -326.9"
"classname" "script_origin"
"angles" "0 0 0"
"targetname" "auto87"
"target" "auto88"
}
// entity 79
{
"script_wait" "0"
"origin" "818.0 418.0 -333.3"
"classname" "script_origin"
"angles" "0 0 0"
"targetname" "auto88"
"target" "auto89"
}
// entity 80
{
"targetname" "auto89"
"angles" "0 0 0"
"classname" "script_origin"
"origin" "1052.0 1288.0 -334.0"
"script_wait" "120"
"target" "auto90"
}
// entity 81
{
"script_wait" "0"
"origin" "1132.0 1954.0 -315.0"
"classname" "script_origin"
"angles" "0 0 0"
"targetname" "auto90"
"target" "auto91"
}
// entity 82
{
"script_wait" "0"
"origin" "1276.0 2600.0 -314.6"
"classname" "script_origin"
"angles" "0 0 0"
"targetname" "auto91"
"target" "auto92"
}
// entity 83
{
"script_wait" "0"
"origin" "1292.0 2760.0 -303.5"
"classname" "script_origin"
"angles" "0 0 0"
"targetname" "auto92"
"target" "auto93"
}
// entity 84
{
"script_wait" "0"
"origin" "1279.0 2877.0 -288.3"
"classname" "script_origin"
"angles" "0 0 0"
"targetname" "auto93"
"target" "auto94"
}
// entity 85
{
"script_wait" "0"
"origin" "1244.0 3096.0 -276.8"
"classname" "script_origin"
"angles" "0 0 0"
"targetname" "auto94"
"target" "auto95"
}
// entity 86
{
"script_wait" "0"
"origin" "1089.0 3438.0 -198.8"
"classname" "script_origin"
"angles" "0 0 0"
"targetname" "auto96"
"target" "auto97"
}
// entity 87
{
"script_wait" "0"
"origin" "780.0 3784.0 -156.5"
"classname" "script_origin"
"angles" "0 0 0"
"targetname" "auto97"
"target" "auto98"
}
// entity 88
{
"script_wait" "0"
"origin" "1181.0 3272.0 -234.4"
"classname" "script_origin"
"angles" "0 0 0"
"targetname" "auto95"
"target" "auto96"
}
// entity 89
{
"script_wait" "0"
"origin" "632.0 3989.0 -106.6"
"classname" "script_origin"
"angles" "0 0 0"
"targetname" "auto98"
"target" "auto99"
}
// entity 90
{
"angles" "0 0 0"
"classname" "script_origin"
"origin" "546.0 4172.0 -88.5"
"script_wait" "0"
"targetname" "auto99"
"target" "auto100"
}
// entity 91
{
"angles" "0 0 0"
"classname" "script_origin"
"origin" "516.0 4336.0 -62.2"
"script_wait" "0"
"targetname" "auto100"
"target" "auto101"
}
// entity 92
{
"angles" "0 0 0"
"classname" "script_origin"
"origin" "497.0 4437.0 -48.1"
"script_wait" "0"
"targetname" "auto101"
"target" "auto102"
}
// entity 93
{
"angles" "0 0 0"
"classname" "script_origin"
"origin" "500.0 4784.0 -50.9"
"script_wait" "0"
"targetname" "auto102"
"target" "auto103"
}
// entity 94
{
"angles" "0 0 0"
"classname" "script_origin"
"origin" "532.0 4992.0 -40.6"
"script_wait" "0"
"targetname" "auto103"
"target" "auto104"
}
// entity 95
{
"angles" "0 0 0"
"classname" "script_origin"
"origin" "582.0 5295.0 -33.5"
"script_wait" "0"
"targetname" "auto104"
"target" "auto105"
}
// entity 96
{
"angles" "0 0 0"
"classname" "script_origin"
"origin" "708.0 5824.0 -30.7"
"script_wait" "0"
"targetname" "auto105"
"target" "auto106"
}
// entity 97
{
"angles" "0 0 0"
"classname" "script_origin"
"origin" "796.0 6000.0 -29.7"
"script_wait" "0"
"targetname" "auto106"
"target" "auto107"
}
// entity 98
{
"angles" "0 0 0"
"classname" "script_origin"
"origin" "928.0 6152.0 -28.4"
"script_wait" "0"
"targetname" "auto107"
"target" "auto108"
}
// entity 99
{
"angles" "0 0 0"
"classname" "script_origin"
"origin" "1093.0 6293.0 -7.3"
"script_wait" "0"
"targetname" "auto108"
"target" "auto109"
}
// entity 100
{
"angles" "0 0 0"
"classname" "script_origin"
"origin" "1889.0 6745.0 58.8"
"script_wait" "0"
"targetname" "auto109"
"target" "auto110"
}
// entity 101
{
"angles" "0 0 0"
"script_wait" "0"
"origin" "2872.0 7022.0 93.4"
"classname" "script_origin"
"targetname" "auto112"
"target" "auto113"
}
// entity 102
{
"script_wait" "0"
"origin" "2610.0 7002.0 93.2"
"classname" "script_origin"
"angles" "0 0 0"
"targetname" "auto1"
"target" "auto2"
}
// entity 103
{
"angles" "0 0 0"
"script_wait" "0"
"origin" "3624.0 7028.0 108.0"
"classname" "script_origin"
"targetname" "auto131"
"target" "tranzit_start"
}
// entity 104
{
"angles" "0 0 0"
"script_wait" "0"
"origin" "3960.0 7124.0 85.6"
"classname" "script_origin"
"targetname" "auto129"
"target" "auto130"
}
// entity 105
{
"angles" "0 0 0"
"script_wait" "0"
"origin" "3832.0 7060.0 82.0"
"classname" "script_origin"
"targetname" "auto130"
"target" "auto131"
}
// entity 106
{
"angles" "0 0 0"
"script_wait" "0"
"origin" "4125.0 7301.0 145.6"
"classname" "script_origin"
"targetname" "auto128"
"target" "auto129"
}
// entity 107
{
"angles" "0 0 0"
"script_wait" "0"
"origin" "4200.0 7460.0 168.8"
"classname" "script_origin"
"targetname" "auto127"
"target" "auto128"
}
// entity 108
{
"angles" "0 0 0"
"script_wait" "0"
"origin" "4216.0 7604.0 181.6"
"classname" "script_origin"
"targetname" "auto126"
"target" "auto127"
}
// entity 109
{
"angles" "0 0 0"
"script_wait" "0"
"origin" "4184.0 7716.0 198.8"
"classname" "script_origin"
"targetname" "auto125"
"target" "auto126"
}
// entity 110
{
"angles" "0 0 0"
"script_wait" "0"
"origin" "4024.0 7844.0 189.6"
"classname" "script_origin"
"targetname" "auto123"
"target" "auto124"
}
// entity 111
{
"angles" "0 0 0"
"script_wait" "0"
"origin" "3752.0 7748.0 156.6"
"classname" "script_origin"
"targetname" "auto120"
"target" "auto121"
}
// entity 112
{
"target" "auto122"
"targetname" "auto121"
"classname" "script_origin"
"origin" "3819.0 7804.0 183.1"
"script_wait" "0"
"angles" "0 0 0"
}
// entity 113
{
"target" "auto123"
"targetname" "auto122"
"classname" "script_origin"
"origin" "3896.0 7844.0 187.7"
"script_wait" "0"
"angles" "0 0 0"
}
// entity 114
{
"angles" "0 0 0"
"script_wait" "0"
"origin" "3608.0 7524.0 133.6"
"classname" "script_origin"
"targetname" "auto118"
"target" "auto119"
}
// entity 115
{
"angles" "0 0 0"
"script_wait" "0"
"origin" "3672.0 7652.0 139.8"
"classname" "script_origin"
"targetname" "auto119"
"target" "auto120"
}
// entity 116
{
"angles" "0 0 0"
"script_wait" "0"
"origin" "3593.0 7377.0 130.4"
"classname" "script_origin"
"targetname" "auto117"
"target" "auto118"
}
// entity 117
{
"angles" "0 0 0"
"script_wait" "0"
"origin" "3560.0 7284.0 119.5"
"classname" "script_origin"
"targetname" "auto116"
"target" "auto117"
}
// entity 118
{
"angles" "0 0 0"
"script_wait" "0"
"origin" "3496.0 7172.0 99.9"
"classname" "script_origin"
"targetname" "auto115"
"target" "auto116"
}
// entity 119
{
"angles" "0 0 0"
"script_wait" "0"
"origin" "3368.0 7108.0 103.9"
"classname" "script_origin"
"targetname" "auto114"
"target" "auto115"
}
// entity 120
{
"angles" "0 0 0"
"script_wait" "0"
"origin" "2552.0 6964.0 85.3"
"classname" "script_origin"
"targetname" "auto111"
"target" "auto112"
}
// entity 121
{
"angles" "0 0 0"
"script_wait" "0"
"origin" "3144.0 7060.0 96.5"
"classname" "script_origin"
"targetname" "auto113"
"target" "auto114"
}
// entity 122
{
"angles" "0 0 0"
"classname" "script_origin"
"origin" "2267.0 6897.0 78.5"
"script_wait" "0"
"targetname" "auto110"
"target" "auto111"
}
// entity 123
{
"angles" "0 0 0"
"script_wait" "120"
"origin" "2813.0 7040.0 94.9"
"classname" "script_origin"
"targetname" "tranzit_start"
"target" "auto1"
}
// entity 124
{
"target" "auto50"
"targetname" "auto49"
"script_wait" "0"
"origin" "6751.0 -2667.0 -243.3"
"classname" "script_origin"
"angles" "0 0 0"
}
// entity 125
{
"target" "auto72"
"targetname" "auto71"
"angles" "0 0 0"
"classname" "script_origin"
"origin" "25.0 -3022.0 -320.8"
"script_wait" "0"
}
// entity 126
{
"target" "auto35"
"targetname" "auto34"
"script_wait" "0"
"origin" "8053.0 749.0 -136.4"
"classname" "script_origin"
"angles" "0 0 0"
}
// entity 127
{
"script_wait" "0"
"origin" "8243.0 936.0 -137.3"
"classname" "script_origin"
"angles" "0 0 0"
"targetname" "auto33"
"target" "auto34"
}
// entity 128
{
"target" "auto28"
"targetname" "auto27"
"angles" "0 0 0"
"classname" "script_origin"
"origin" "7941.0 3301.0 -66.6"
"script_wait" "0"
}
// entity 129
{
"target" "auto4"
"targetname" "auto3"
"script_wait" "0"
"origin" "1420.0 6476.0 20.4"
"classname" "script_origin"
"angles" "0 0 0"
}
// entity 130
{
"angles" "0 0 0"
"script_wait" "0"
"origin" "4120.0 7812.0 204.8"
"classname" "script_origin"
"targetname" "auto124"
"target" "auto125"
}
// entity 131
{
"target" "auto36"
"targetname" "auto35"
"script_wait" "0"
"origin" "7948.0 592.0 -137.5"
"classname" "script_origin"
"angles" "0 0 0"
}
