iwmap 4
"000_Global" flags  active
"The Map" flags 
// entity 0
{
"contrastGain" ".25"
"sunRadiosity" "1"
"sunlight" ".6"
"sundirection" "-30 42 0"
"sundiffusecolor" "0.5 0.6 1"
"suncolor" "0.75 0.9 1"
"diffusefraction" "0.35"
"ambient" "0.1"
"_color" "0.6 0.7 1.000000"
"classname" "worldspawn"
}
// entity 1
{
"target" "auto1"
"targetname" "blocker"
"classname" "script_brushmodel"
// brush 0
{
 ( 52 -126 -48 ) ( 4 -126 -48 ) ( 4 -222 -48 ) clip_nosight 64 64 0 0 0 0 lightmap_gray 16384 16384 0 0 0 0
 ( 4 -222 128 ) ( 4 -126 128 ) ( 52 -126 128 ) clip_nosight 64 64 0 0 0 0 lightmap_gray 16384 16384 0 0 0 0
 ( 10 -32 46 ) ( 58 -32 46 ) ( 58 -32 14 ) clip_nosight 64 64 0 0 0 0 lightmap_gray 16384 16384 0 0 0 0
 ( 56 -242 48 ) ( 56 -146 48 ) ( 56 -146 16 ) clip_nosight 64 64 0 0 0 0 lightmap_gray 16384 16384 0 0 0 0
 ( 34 104 48 ) ( -14 104 48 ) ( -14 104 16 ) clip_nosight 64 64 0 0 0 0 lightmap_gray 16384 16384 0 0 0 0
 ( -40 -122 48 ) ( -40 -218 48 ) ( -40 -218 16 ) clip_nosight 64 64 0 0 0 0 lightmap_gray 16384 16384 0 0 0 0
 ( -40 24 358.5 ) ( 0 104 358.5 ) ( -40 24 390.5 ) clip_nosight 64 64 0 0 0 0 lightmap_gray 16384 16384 0 0 0 0
 ( 56 32 358.5 ) ( 24 -48 358.5 ) ( 56 32 390.5 ) clip_nosight 64 64 0 0 0 0 lightmap_gray 16384 16384 0 0 0 0
}
}
// entity 2
{
"targetname" "auto1"
"origin" "29.0 60.6 43.5"
"angles" "15.6812 263.189 175.5"
"model" "ch_furniture_teachers_chair1"
"classname" "script_model"
}
// entity 3
{
"targetname" "auto1"
"origin" "43.8 30.8 32.3"
"angles" "0 15 -90"
"model" "ch_furniture_teachers_chair1"
"classname" "script_model"
}
// entity 4
{
"targetname" "auto1"
"origin" "15.7 79.5 5.8"
"angles" "86.685 155.688 -121.214"
"model" "com_filecabinetblackclosed"
"classname" "script_model"
}
// entity 5
{
"targetname" "auto1"
"origin" "6.5 72.6 58.3"
"angles" "1.45473 340.126 126.552"
"model" "com_restaurantstainlessteelshelf_02"
"classname" "script_model"
}
// entity 6
{
"targetname" "auto1"
"origin" "33.7 79.5 5.8"
"angles" "86.685 155.688 -121.214"
"model" "com_filecabinetblackclosed"
"classname" "script_model"
}
// entity 7
{
"targetname" "auto1"
"origin" "-10.0 -0.1 43.5"
"angles" "15.6812 83.189 175.5"
"model" "ch_furniture_teachers_chair1"
"classname" "script_model"
}
// entity 8
{
"targetname" "auto1"
"origin" "-24.8 29.7 32.3"
"angles" "0 195 -90"
"model" "ch_furniture_teachers_chair1"
"classname" "script_model"
}
// entity 9
{
"targetname" "auto1"
"origin" "3.3 -19.0 5.8"
"angles" "86.685 335.688 -121.214"
"model" "com_filecabinetblackclosed"
"classname" "script_model"
}
// entity 10
{
"targetname" "auto1"
"origin" "12.5 -12.1 58.3"
"angles" "1.45473 160.126 126.552"
"model" "com_restaurantstainlessteelshelf_02"
"classname" "script_model"
}
// entity 11
{
"targetname" "auto1"
"origin" "-14.7 -19.0 5.8"
"angles" "86.685 335.688 -121.214"
"model" "com_filecabinetblackclosed"
"classname" "script_model"
}
// entity 12
{
"targetname" "auto1"
"origin" "72.5 9.5 -11.0"
"classname" "script_origin"
}
// entity 13
{
"targetname" "auto1"
"origin" "-35.0 62.0 21.0"
"classname" "script_origin"
}
// entity 14
{
"origin" "72.0 8.0 6.0"
"classname" "node_pathnode"
}
// entity 15
{
"angles" "0 334.4 0"
"origin" "-39.0 64.0 36.0"
"classname" "node_pathnode"
}
